     1                                  
     2                                  ; [d-2*(a-b)+b*c]/2
     3                                  
     4                                  bits 32
     5                                  
     6                                  global start
     7                                  
     8                                  extern exit
     9                                  import exit msvcrt.dll
    10                                  
    11                                  segment data use32 class=data
    12 00000000 5B                          a db 91
    13 00000001 49                          b db 73
    14 00000002 03                          c db 3
    15 00000003 0A01                        d dw 266
    16                                  
    17                                  segment code use32 class=code
    18                                      start:
    19 00000000 31C0                            xor eax, eax ;eax=0
    20 00000002 31DB                            xor ebx, ebx ;ebx=0
    21 00000004 B002                            mov al, 2    ;al=2
    22 00000006 8A1D[00000000]                  mov bl, [a]  ;bl=a
    23 0000000C 2A1D[01000000]                  sub bl, [b]  ;bl=a-b
    24 00000012 F6E3                            mul bl       ;ax=2*(a-b)
    25 00000014 668B1D[03000000]                mov bx, [d]  ;bx=d
    26 0000001B 6629C3                          sub bx, ax   ;bx=d-2*(a-b)
    27 0000001E A0[01000000]                    mov al, [b]  ;al=b
    28 00000023 F625[02000000]                  mul byte [c] ;ax=b*c
    29 00000029 6601D8                          add ax, bx   ;ax=b*c+d-2*(a-b)=d-2*(a-b)+b*c
    30 0000002C B302                            mov bl, 2    ;bl=2
    31 0000002E F6F3                            div bl       ;al=ax/2, ah=ax%2
    32                                      
    33 00000030 6A00                            push    dword 0
    34 00000032 FF15[00000000]                  call    [exit]
